#-----------------------------------------------------------
# Vivado v2018.3 (64-bit)
# SW Build 2405991 on Thu Dec  6 23:38:27 MST 2018
# IP Build 2404404 on Fri Dec  7 01:43:56 MST 2018
# Start of session at: Tue Apr 28 17:12:45 2020
# Process ID: 13092
# Current directory: C:/Users/yixin/Desktop/DL202010_Yi/lab 11/project_1
# Command line: vivado.exe -gui_launcher_event rodinguilauncherevent12216 C:\Users\yixin\Desktop\DL202010_Yi\lab 11\project_1\project_1.xpr
# Log file: C:/Users/yixin/Desktop/DL202010_Yi/lab 11/project_1/vivado.log
# Journal file: C:/Users/yixin/Desktop/DL202010_Yi/lab 11/project_1\vivado.jou
#-----------------------------------------------------------
start_gui
open_project {C:/Users/yixin/Desktop/DL202010_Yi/lab 11/project_1/project_1.xpr}
update_compile_order -fileset sources_1
update_compile_order -fileset sources_1
set_property SOURCE_SET sources_1 [get_filesets sim_2]
file mkdir {C:/Users/yixin/Desktop/DL202010_Yi/lab 11/project_1/project_1.srcs/sim_2/new}
close [ open {C:/Users/yixin/Desktop/DL202010_Yi/lab 11/project_1/project_1.srcs/sim_2/new/guessing_game_test.sv} w ]
add_files -fileset sim_2 {{C:/Users/yixin/Desktop/DL202010_Yi/lab 11/project_1/project_1.srcs/sim_2/new/guessing_game_test.sv}}
update_compile_order -fileset sim_2
create_fileset -simset sim_3
set_property SOURCE_SET sources_1 [get_filesets sim_3]
add_files -fileset sim_3 -norecurse {{C:/Users/yixin/Desktop/DL202010_Yi/lab 11/project_1/project_1.srcs/sim_2/new/guessing_game_test.sv}}
update_compile_order -fileset sim_3
update_compile_order -fileset sim_3
launch_simulation -simset [get_filesets sim_3 ]
source guessing_game_test.tcl
close_sim
launch_simulation -simset [get_filesets sim_3 ]
source guessing_game_test.tcl
update_compile_order -fileset sim_3
launch_simulation -simset [get_filesets sim_3 ]
source guessing_game.tcl
update_compile_order -fileset sim_3
add_files -fileset constrs_1 -norecurse {C:/Users/yixin/Downloads/btnC.xdc C:/Users/yixin/Downloads/btnD.xdc C:/Users/yixin/Downloads/btnU.xdc C:/Users/yixin/Downloads/clock.xdc C:/Users/yixin/Downloads/led.xdc C:/Users/yixin/Downloads/sseg.xdc C:/Users/yixin/Downloads/switches.xdc C:/Users/yixin/Downloads/btnL.xdc C:/Users/yixin/Downloads/btnR.xdc}
launch_runs impl_1 -to_step write_bitstream -jobs 4
wait_on_run impl_1
open_hw
connect_hw_server
open_hw_target
set_property PROGRAM.FILE {C:/Users/yixin/Desktop/DL202010_Yi/lab 11/project_1/project_1.runs/impl_1/guessing_game.bit} [get_hw_devices xc7a35t_0]
current_hw_device [get_hw_devices xc7a35t_0]
refresh_hw_device -update_hw_probes false [lindex [get_hw_devices xc7a35t_0] 0]
set_property PROBES.FILE {} [get_hw_devices xc7a35t_0]
set_property FULL_PROBES.FILE {} [get_hw_devices xc7a35t_0]
set_property PROGRAM.FILE {C:/Users/yixin/Desktop/DL202010_Yi/lab 11/project_1/project_1.runs/impl_1/guessing_game.bit} [get_hw_devices xc7a35t_0]
program_hw_devices [get_hw_devices xc7a35t_0]
refresh_hw_device [lindex [get_hw_devices xc7a35t_0] 0]
reset_run synth_1
launch_runs impl_1 -to_step write_bitstream -jobs 4
wait_on_run impl_1
set_property PROBES.FILE {} [get_hw_devices xc7a35t_0]
set_property FULL_PROBES.FILE {} [get_hw_devices xc7a35t_0]
set_property PROGRAM.FILE {C:/Users/yixin/Desktop/DL202010_Yi/lab 11/project_1/project_1.runs/impl_1/guessing_game.bit} [get_hw_devices xc7a35t_0]
program_hw_devices [get_hw_devices xc7a35t_0]
refresh_hw_device [lindex [get_hw_devices xc7a35t_0] 0]
refresh_hw_device [lindex [get_hw_devices xc7a35t_0] 0]
set_property PROBES.FILE {} [get_hw_devices xc7a35t_0]
set_property FULL_PROBES.FILE {} [get_hw_devices xc7a35t_0]
set_property PROGRAM.FILE {C:/Users/yixin/Desktop/DL202010_Yi/lab 11/project_1/project_1.runs/impl_1/guessing_game.bit} [get_hw_devices xc7a35t_0]
program_hw_devices [get_hw_devices xc7a35t_0]
refresh_hw_device [lindex [get_hw_devices xc7a35t_0] 0]
set_property PROBES.FILE {} [get_hw_devices xc7a35t_0]
set_property FULL_PROBES.FILE {} [get_hw_devices xc7a35t_0]
set_property PROGRAM.FILE {C:/Users/yixin/Desktop/DL202010_Yi/lab 11/project_1/project_1.runs/impl_1/guessing_game.bit} [get_hw_devices xc7a35t_0]
program_hw_devices [get_hw_devices xc7a35t_0]
refresh_hw_device [lindex [get_hw_devices xc7a35t_0] 0]
reset_run synth_1
launch_runs impl_1 -to_step write_bitstream -jobs 4
wait_on_run impl_1
set_property PROBES.FILE {} [get_hw_devices xc7a35t_0]
set_property FULL_PROBES.FILE {} [get_hw_devices xc7a35t_0]
set_property PROGRAM.FILE {C:/Users/yixin/Desktop/DL202010_Yi/lab 11/project_1/project_1.runs/impl_1/guessing_game.bit} [get_hw_devices xc7a35t_0]
program_hw_devices [get_hw_devices xc7a35t_0]
refresh_hw_device [lindex [get_hw_devices xc7a35t_0] 0]
reset_run synth_1
launch_runs impl_1 -to_step write_bitstream -jobs 4
wait_on_run impl_1
set_property PROBES.FILE {} [get_hw_devices xc7a35t_0]
set_property FULL_PROBES.FILE {} [get_hw_devices xc7a35t_0]
set_property PROGRAM.FILE {C:/Users/yixin/Desktop/DL202010_Yi/lab 11/project_1/project_1.runs/impl_1/guessing_game.bit} [get_hw_devices xc7a35t_0]
program_hw_devices [get_hw_devices xc7a35t_0]
refresh_hw_device [lindex [get_hw_devices xc7a35t_0] 0]
reset_run synth_1
launch_runs impl_1 -to_step write_bitstream -jobs 4
wait_on_run impl_1
set_property PROBES.FILE {} [get_hw_devices xc7a35t_0]
set_property FULL_PROBES.FILE {} [get_hw_devices xc7a35t_0]
set_property PROGRAM.FILE {C:/Users/yixin/Desktop/DL202010_Yi/lab 11/project_1/project_1.runs/impl_1/guessing_game.bit} [get_hw_devices xc7a35t_0]
program_hw_devices [get_hw_devices xc7a35t_0]
refresh_hw_device [lindex [get_hw_devices xc7a35t_0] 0]
set_property PROBES.FILE {} [get_hw_devices xc7a35t_0]
set_property FULL_PROBES.FILE {} [get_hw_devices xc7a35t_0]
set_property PROGRAM.FILE {C:/Users/yixin/Desktop/DL202010_Yi/lab 11/project_1/project_1.runs/impl_1/guessing_game.bit} [get_hw_devices xc7a35t_0]
program_hw_devices [get_hw_devices xc7a35t_0]
refresh_hw_device [lindex [get_hw_devices xc7a35t_0] 0]
reset_run synth_1
launch_runs impl_1 -to_step write_bitstream -jobs 4
wait_on_run impl_1
set_property PROBES.FILE {} [get_hw_devices xc7a35t_0]
set_property FULL_PROBES.FILE {} [get_hw_devices xc7a35t_0]
set_property PROGRAM.FILE {C:/Users/yixin/Desktop/DL202010_Yi/lab 11/project_1/project_1.runs/impl_1/guessing_game.bit} [get_hw_devices xc7a35t_0]
program_hw_devices [get_hw_devices xc7a35t_0]
refresh_hw_device [lindex [get_hw_devices xc7a35t_0] 0]
refresh_hw_device [lindex [get_hw_devices xc7a35t_0] 0]
set_property PROBES.FILE {} [get_hw_devices xc7a35t_0]
set_property FULL_PROBES.FILE {} [get_hw_devices xc7a35t_0]
set_property PROGRAM.FILE {C:/Users/yixin/Desktop/DL202010_Yi/lab 11/project_1/project_1.runs/impl_1/guessing_game.bit} [get_hw_devices xc7a35t_0]
program_hw_devices [get_hw_devices xc7a35t_0]
refresh_hw_device [lindex [get_hw_devices xc7a35t_0] 0]
set_property PROBES.FILE {} [get_hw_devices xc7a35t_0]
set_property FULL_PROBES.FILE {} [get_hw_devices xc7a35t_0]
set_property PROGRAM.FILE {C:/Users/yixin/Desktop/DL202010_Yi/lab 11/project_1/project_1.runs/impl_1/guessing_game.bit} [get_hw_devices xc7a35t_0]
program_hw_devices [get_hw_devices xc7a35t_0]
refresh_hw_device [lindex [get_hw_devices xc7a35t_0] 0]
set_property PROBES.FILE {} [get_hw_devices xc7a35t_0]
set_property FULL_PROBES.FILE {} [get_hw_devices xc7a35t_0]
set_property PROGRAM.FILE {C:/Users/yixin/Desktop/DL202010_Yi/lab 11/project_1/project_1.runs/impl_1/guessing_game.bit} [get_hw_devices xc7a35t_0]
program_hw_devices [get_hw_devices xc7a35t_0]
refresh_hw_device [lindex [get_hw_devices xc7a35t_0] 0]
close_sim
close_sim
